#-----------------------------------------------------------
# Vivado v2017.2 (64-bit)
# SW Build 1909853 on Thu Jun 15 18:39:09 MDT 2017
# IP Build 1909766 on Thu Jun 15 19:58:00 MDT 2017
# Start of session at: Wed Jun 13 18:29:44 2018
# Process ID: 4016
# Current directory: C:/Users/fpga/Desktop/Zybo-hdmi-out/proj
# Command line: vivado.exe -gui_launcher_event rodinguilauncherevent6996 C:\Users\fpga\Desktop\Zybo-hdmi-out\proj\hdmi-out.xpr
# Log file: C:/Users/fpga/Desktop/Zybo-hdmi-out/proj/vivado.log
# Journal file: C:/Users/fpga/Desktop/Zybo-hdmi-out/proj\vivado.jou
#-----------------------------------------------------------
start_gui
open_project C:/Users/fpga/Desktop/Zybo-hdmi-out/proj/hdmi-out.xpr
update_compile_order -fileset sources_1
launch_sdk -workspace C:/Users/fpga/Desktop/Zybo-hdmi-out/proj/hdmi-out.sdk -hwspec C:/Users/fpga/Desktop/Zybo-hdmi-out/proj/hdmi-out.sdk/hdmi_out_wrapper.hdf
synth_design -rtl -name rtl_1
open_bd_design {C:/Users/fpga/Desktop/Zybo-hdmi-out/src/bd/hdmi_out/hdmi_out.bd}
